// Jest Snapshot v1, https://goo.gl/fbAQLP

exports[`Home should render the Home component according to the snapshot 1`] = `
<div
  className="sc-bdfCDU eMheSe MuiBox-root css-0"
>
  <h2
    className="MuiTypography-root MuiTypography-h2 sc-gsTDqH bRtRJy css-1sra7t5-MuiTypography-root"
  >
    Scan the QR code
  </h2>
  <canvas
    role="img"
  />
  <a
    className="MuiTypography-root MuiTypography-inherit MuiLink-root MuiLink-underlineAlways css-1xylxj1-MuiTypography-root-MuiLink-root"
    href="/c0b2b020-6787-11ee-8c99-0242ac120002"
    onBlur={[Function]}
    onClick={[Function]}
    onFocus={[Function]}
  >
    or just click here
  </a>
</div>
`;
