// Jest Snapshot v1, https://goo.gl/fbAQLP

exports[`Home should render the Home component according to the snapshot 1`] = `
<div
  className="sc-bdnyFh fksDQa"
>
  <h1
    className="sc-gtsqUy jxJuZP"
  >
    Scan the QR code
  </h1>
  <canvas
    role="img"
  />
  <a
    href="/c0b2b020-6787-11ee-8c99-0242ac120002"
    onClick={[Function]}
  >
    or just click here
  </a>
</div>
`;
